###############################################################################
#
# IAR ELF Linker V7.30.3.8024/W32 for ARM                 19/Jun/2017  20:36:52
# Copyright 2007-2014 IAR Systems AB.
#
#    Output file  =  E:\·ÉË¼¿¨¶û\go\Debug\Exe\c.out
#    Map file     =  E:\·ÉË¼¿¨¶û\go\Debug\List\c.map
#    Command line =  
#        E:\·ÉË¼¿¨¶û\go\Debug\Obj\_printf.o E:\·ÉË¼¿¨¶û\go\Debug\Obj\ADC.o
#        E:\·ÉË¼¿¨¶û\go\Debug\Obj\bsp.o E:\·ÉË¼¿¨¶û\go\Debug\Obj\common.o
#        E:\·ÉË¼¿¨¶û\go\Debug\Obj\crt0.o E:\·ÉË¼¿¨¶û\go\Debug\Obj\DMA.o
#        E:\·ÉË¼¿¨¶û\go\Debug\Obj\exti.o E:\·ÉË¼¿¨¶û\go\Debug\Obj\flash.o
#        E:\·ÉË¼¿¨¶û\go\Debug\Obj\GPIO.o E:\·ÉË¼¿¨¶û\go\Debug\Obj\iic.o
#        E:\·ÉË¼¿¨¶û\go\Debug\Obj\locatingEye.o E:\·ÉË¼¿¨¶û\go\Debug\Obj\main.o
#        E:\·ÉË¼¿¨¶û\go\Debug\Obj\MCG.o E:\·ÉË¼¿¨¶û\go\Debug\Obj\oled.o
#        E:\·ÉË¼¿¨¶û\go\Debug\Obj\PIT0.o E:\·ÉË¼¿¨¶û\go\Debug\Obj\PWM.o
#        E:\·ÉË¼¿¨¶û\go\Debug\Obj\sccb.o E:\·ÉË¼¿¨¶û\go\Debug\Obj\vectors.o -o
#        E:\·ÉË¼¿¨¶û\go\Debug\Exe\c.out --redirect _Printf=_PrintfFull
#        --redirect _Scanf=_ScanfFull --map E:\·ÉË¼¿¨¶û\go\Debug\List\c.map
#        --config E:\·ÉË¼¿¨¶û\go\common\512KB_Pflash.icf --semihosting --entry
#        __iar_program_start --vfe=forced
#
###############################################################################

*******************************************************************************
*** RUNTIME MODEL ATTRIBUTES
***

CppFlavor       = *
__Heap_Handler  = DLMalloc
__SystemLibrary = DLib


*******************************************************************************
*** PLACEMENT SUMMARY
***

"A1":  place at 0x00000000 { ro section .intvec };
"A2":  place at 0x00000410 { ro section .noinit };
"P1":  place in [from 0x00000000 to 0x00080000] { ro, block CodeRelocate };
"P2":  place in [from 0x1fff0410 to 0x20010000] {
          rw, block CodeRelocateRam, block CSTACK, block HEAP };

  Section              Kind        Address    Size  Object
  -------              ----        -------    ----  ------
"A1":                                        0x410
  .intvec              const    0x00000000   0x410  vectors.o [1]
                              - 0x00000410   0x410

"P1", part 1 of 2:                             0x0
  .rodata              const    0x00000410     0x0  zero_init3.o [5]

"A2":                                         0x3c
  .noinit              ro code  0x00000410    0x3c  crt0.o [1]
                              - 0x0000044c    0x3c

"P1", part 2 of 2:                          0x525c
  .text                ro code  0x0000044c   0xdaa  xprintffull.o [3]
  .text                ro code  0x000011f6    0x22  zero_init3.o [5]
  .text                ro code  0x00001218    0x16  strchr.o [5]
  .text                ro code  0x00001230    0x36  strlen.o [5]
  .text                ro code  0x00001268    0x58  memchr.o [5]
  .text                ro code  0x000012c0    0xee  I64DivMod.o [5]
  .text                ro code  0x000013b0    0x76  ABImemcpy_unaligned.o [5]
  .text                ro code  0x00001426    0x42  xdnorm.o [4]
  .text                ro code  0x00001468    0x2e  DblCmpLe.o [4]
  .text                ro code  0x00001498    0x2e  DblCmpGe.o [4]
  .text                ro code  0x000014c8   0x110  xdscale.o [4]
  .text                ro code  0x000015d8    0x58  DblToI32.o [4]
  .text                ro code  0x00001630    0x30  I32ToDbl.o [4]
  .text                ro code  0x00001660   0x180  DblSub.o [4]
  .text                ro code  0x000017e0   0x1a2  DblMul.o [4]
  .text                ro code  0x00001984   0x246  DblDiv.o [4]
  .text                ro code  0x00001bca     0xe  div.o [3]
  .text                ro code  0x00001bd8     0x2  I64DivZer.o [5]
  .text                ro code  0x00001bdc    0xe8  DblAdd.o [4]
  .text                ro code  0x00001cc4   0xbd0  main.o [1]
  .text                ro code  0x00002894    0xe6  FltSub.o [4]
  .text                ro code  0x0000297c    0x84  FltAdd.o [4]
  .text                ro code  0x00002a00    0xd8  FltMul.o [4]
  .text                ro code  0x00002ad8    0xfc  FltDiv.o [4]
  .text                ro code  0x00002bd4    0x4e  FltToDbl.o [4]
  .text                ro code  0x00002c24    0x90  DblToFlt.o [4]
  .text                ro code  0x00002cb4   0x204  bsp.o [1]
  .text                ro code  0x00002eb8    0xcc  PIT0.o [1]
  .text                ro code  0x00002f84    0x44  FltToS32.o [4]
  .text                ro code  0x00002fc8   0x598  PWM.o [1]
  .text                ro code  0x00003560    0xfc  locatingEye.o [1]
  .text                ro code  0x0000365c    0x2e  I32ToFlt.o [4]
  .text                ro code  0x0000368c    0x24  FltCmpLe.o [4]
  .text                ro code  0x000036b0    0x24  FltCmpGe.o [4]
  .text                ro code  0x000036d4    0x1c  FltCmpEq.o [4]
  .text                ro code  0x000036f0   0x678  oled.o [1]
  .text                ro code  0x00003d68   0x334  DMA.o [1]
  .text                ro code  0x0000409c     0x8  abs.o [3]
  .text                ro code  0x000040a4   0x174  GPIO.o [1]
  .text                ro code  0x00004218   0x250  vectors.o [1]
  Veneer               ro code  0x00004468     0x8  - Linker created -
  .text                ro code  0x00004470    0x84  MCG.o [1]
  .text                ro code  0x000044f4    0x44  exti.o [1]
  .text                ro code  0x00004538   0x1f8  _printf.o [1]
  .text                ro code  0x00004730    0x24  printf.o [3]
  .rodata              const    0x00004754   0x5f0  oled.o [1]
  .data_init                    0x00004d44   0x438  <Block>
    Initializer bytes  ro data  0x00004d44   0x438  <for .data-1>
  .rodata              const    0x0000517c   0x228  oled.o [1]
  .rodata              const    0x000053a4    0xa8  oled.o [1]
  .text                ro code  0x0000544c    0x6c  iarttio.o [6]
  .text                ro code  0x000054b8     0x8  XShttio.o [3]
  CodeRelocate                  0x000054c0    0x50  <Block>
    Initializer bytes  ro data  0x000054c0    0x50  <for CodeRelocateRam-1>
  .rodata              const    0x00005510    0x38  vectors.o [1]
  .text                ro code  0x00005548    0x28  putchar.o [3]
  .text                ro code  0x00005570    0x10  write.o [6]
  .text                ro code  0x00005580    0x1e  dwrite.o [6]
  .text                ro code  0x0000559e    0x20  iarwstd.o [6]
  .text                ro code  0x000055be    0x22  iarwrite.o [6]
  .text                ro code  0x000055e0    0x28  data_init.o [5]
  .iar.init_table      const    0x00005608    0x10  - Linker created -
  .text                ro code  0x00005618    0x1a  cmain.o [5]
  .text                ro code  0x00005632     0x4  low_level_init.o [3]
  .text                ro code  0x00005636     0x4  exit.o [3]
  .text                ro code  0x0000563c     0xa  cexit.o [5]
  .text                ro code  0x00005648    0x14  exit.o [6]
  .text                ro code  0x0000565c    0x16  xprout.o [3]
  .rodata              const    0x00005674    0x10  bsp.o [1]
  .rodata              const    0x00005684    0x10  oled.o [1]
  .text                ro code  0x00005694     0xc  cstartup_M.o [5]
  .vec2nd              ro code  0x000056a0     0x8  vectors.o [1]
                              - 0x000056a8  0x525c

"P2":                                       0x44c4
  .data                         0x1fff0410   0x438  <Block>
    .data-1                     0x1fff0410   0x438  <Init block>
      .data            inited   0x1fff0410     0x4  bsp.o [1]
      .data            inited   0x1fff0414    0x14  GPIO.o [1]
      .data            inited   0x1fff0428    0x14  GPIO.o [1]
      .data            inited   0x1fff043c     0x2  locatingEye.o [1]
      .data            inited   0x1fff0440   0x400  oled.o [1]
      .data            inited   0x1fff0840     0x8  XShttio.o [3]
  CodeRelocateRam               0x1fff0848    0x50  <Block>
    CodeRelocateRam-1           0x1fff0848    0x50  <Init block>
      .textrw          inited   0x1fff0848    0x50  MCG.o [1]
  .bss                          0x1fff0898  0x403c  <Block>
    .bss               zero     0x1fff0898    0x40  DMA.o [1]
    .bss               zero     0x1fff08d8  0x3e80  locatingEye.o [1]
    .bss               zero     0x1fff4758     0x4  locatingEye.o [1]
    .bss               zero     0x1fff475c     0x4  locatingEye.o [1]
    .bss               zero     0x1fff4760     0x4  locatingEye.o [1]
    .bss               zero     0x1fff4764     0x4  main.o [1]
    .bss               zero     0x1fff4768     0x4  main.o [1]
    .bss               zero     0x1fff476c     0x4  main.o [1]
    .bss               zero     0x1fff4770     0x4  main.o [1]
    .bss               zero     0x1fff4774     0x4  main.o [1]
    .bss               zero     0x1fff4778     0x4  main.o [1]
    .bss               zero     0x1fff477c     0x4  main.o [1]
    .bss               zero     0x1fff4780     0x4  main.o [1]
    .bss               zero     0x1fff4784     0x4  main.o [1]
    .bss               zero     0x1fff4788     0x4  main.o [1]
    .bss               zero     0x1fff478c     0x4  main.o [1]
    .bss               zero     0x1fff4790     0x4  main.o [1]
    .bss               zero     0x1fff4794    0x18  main.o [1]
    .bss               zero     0x1fff47ac    0x78  main.o [1]
    .bss               zero     0x1fff4824     0x4  main.o [1]
    .bss               zero     0x1fff4828    0x2c  main.o [1]
    .bss               zero     0x1fff4854     0x4  main.o [1]
    .bss               zero     0x1fff4858     0x4  main.o [1]
    .bss               zero     0x1fff485c     0x4  main.o [1]
    .bss               zero     0x1fff4860    0x20  main.o [1]
    .bss               zero     0x1fff4880     0x4  main.o [1]
    .bss               zero     0x1fff4884     0x4  main.o [1]
    .bss               zero     0x1fff4888    0x24  main.o [1]
    .bss               zero     0x1fff48ac    0x24  main.o [1]
    .bss               zero     0x1fff48d0     0x1  main.o [1]
                              - 0x1fff48d4  0x44c4


*******************************************************************************
*** INIT TABLE
***

          Address     Size
          -------     ----
Zero (__iar_zero_init3)
    1 destination range, total size 0x4039:
          0x1fff0898  0x4039



*******************************************************************************
*** MODULE SUMMARY
***

    Module                 ro code  rw code  ro data  rw data
    ------                 -------  -------  -------  -------
E:\·ÉË¼¿¨¶û\go\Debug\Obj: [1]
    DMA.o                      820                         64
    GPIO.o                     372                40       40
    MCG.o                      132       80       80
    PIT0.o                     204
    PWM.o                    1 432
    _printf.o                  504
    bsp.o                      516                20        4
    crt0.o                      60
    exti.o                      68
    locatingEye.o              252                 2   16 014
    main.o                   3 024                        365
    oled.o                   1 656             3 282    1 024
    vectors.o                  600             1 096
    ---------------------------------------------------------
    Total:                   9 640       80    4 520   17 511

command line: [2]
    ---------------------------------------------------------
    Total:

dl7M_tln.a: [3]
    XShttio.o                    8                 8        8
    abs.o                        8
    div.o                       14
    exit.o                       4
    low_level_init.o             4
    printf.o                    36
    putchar.o                   40
    xprintffull.o            3 498
    xprout.o                    22
    ---------------------------------------------------------
    Total:                   3 634                 8        8

m7M_tl.a: [4]
    DblAdd.o                   232
    DblCmpGe.o                  46
    DblCmpLe.o                  46
    DblDiv.o                   582
    DblMul.o                   418
    DblSub.o                   384
    DblToFlt.o                 144
    DblToI32.o                  88
    FltAdd.o                   132
    FltCmpEq.o                  28
    FltCmpGe.o                  36
    FltCmpLe.o                  36
    FltDiv.o                   252
    FltMul.o                   216
    FltSub.o                   230
    FltToDbl.o                  78
    FltToS32.o                  68
    I32ToDbl.o                  48
    I32ToFlt.o                  46
    xdnorm.o                    66
    xdscale.o                  272
    ---------------------------------------------------------
    Total:                   3 448

rt7M_tl.a: [5]
    ABImemcpy_unaligned.o      118
    I64DivMod.o                238
    I64DivZer.o                  2
    cexit.o                     10
    cmain.o                     26
    cstartup_M.o                12
    data_init.o                 40
    memchr.o                    88
    strchr.o                    22
    strlen.o                    54
    zero_init3.o                34
    ---------------------------------------------------------
    Total:                     644

shb_l.a: [6]
    dwrite.o                    30
    exit.o                      20
    iarttio.o                  108
    iarwrite.o                  34
    iarwstd.o                   32
    write.o                     16
    ---------------------------------------------------------
    Total:                     240

    Gaps                        24                 2        2
    Linker created               8                16
-------------------------------------------------------------
    Grand Total:            17 638       80    4 546   17 521


*******************************************************************************
*** ENTRY LIST
***

Entry                      Address    Size  Type      Object
-----                      -------    ----  ----      ------
.bss$$Base              0x1fff0898           --   Gb  - Linker created -
.bss$$Limit             0x1fff48d4           --   Gb  - Linker created -
.data$$Base             0x1fff0410           --   Gb  - Linker created -
.data$$Limit            0x1fff0848           --   Gb  - Linker created -
.data_init$$Base        0x00004d44           --   Gb  - Linker created -
.data_init$$Limit       0x0000517c           --   Gb  - Linker created -
?main                   0x00005619          Code  Gb  cmain.o [5]
Area                    0x1fff4758     0x4  Data  Gb  locatingEye.o [1]
Areave                  0x1fff4880     0x4  Data  Gb  main.o [1]
BSP_init                0x00002cb5   0x204  Code  Gb  bsp.o [1]
Camera                  0x00001fb1    0x2c  Code  Gb  main.o [1]
Cleartimer0             0x00002f2f    0x1a  Code  Gb  PIT0.o [1]
Cleartimer1             0x00002f49    0x1a  Code  Gb  PIT0.o [1]
CodeRelocate$$Base      0x000054c0           --   Gb  - Linker created -
CodeRelocate$$Limit     0x00005510           --   Gb  - Linker created -
CodeRelocateRam$$Base   0x1fff0848           --   Gb  - Linker created -
CodeRelocateRam$$Limit  0x1fff0898           --   Gb  - Linker created -
DIRPID                  0x00001cc5    0x4c  Code  Gb  main.o [1]
DMA_CH1_Handler         0x0000437b    0x28  Code  Gb  vectors.o [1]
DMA_count_Init          0x00003e17   0x1f6  Code  Gb  DMA.o [1]
DMA_count_get           0x0000400d    0x1c  Code  Gb  DMA.o [1]
DMA_count_reset         0x00004029    0x18  Code  Gb  DMA.o [1]
DMA_transmit_init       0x00003d69    0xae  Code  Gb  DMA.o [1]
DummyISR                0x00004379     0x2  Code  Gb  vectors.o [1]
EnableTimer0            0x00002f13     0xe  Code  Gb  PIT0.o [1]
EnableTimer1            0x00002f21     0xe  Code  Gb  PIT0.o [1]
F14x16                  0x000053a4    0xa8  Data  Gb  oled.o [1]
F14x16_Idx              0x00005684    0x10  Data  Gb  oled.o [1]
F6x8                    0x0000517c   0x228  Data  Gb  oled.o [1]
F8X16                   0x00004754   0x5f0  Data  Gb  oled.o [1]
FPS                     0x1fff4770     0x4  Data  Gb  main.o [1]
GPIOx                   0x1fff0414    0x14  Data  Gb  GPIO.o [1]
Gpio_get                0x00004153    0x22  Code  Gb  GPIO.o [1]
Gpio_get_port_addr      0x00004175    0x3c  Code  Gb  GPIO.o [1]
Gpio_get_pt_addr        0x000041b1    0x3c  Code  Gb  GPIO.o [1]
Gpio_init               0x000040a5    0x80  Code  Gb  GPIO.o [1]
Gpio_set                0x00004125    0x2e  Code  Gb  GPIO.o [1]
Image_Sort_History      0x1fff08d8  0x3e80  Data  Gb  locatingEye.o [1]
Is_SendPhoto            0x1fff48d0     0x1  Data  Gb  main.o [1]
LEDPIN_Init             0x000036f1    0x34  Code  Gb  oled.o [1]
LED_DLY_ms              0x00003843    0x1a  Code  Gb  oled.o [1]
LED_Fill                0x00003803    0x40  Code  Gb  oled.o [1]
LED_P14x16Str           0x00003c29   0x12c  Code  Gb  oled.o [1]
LED_P6x8Char            0x00003a0f    0x54  Code  Gb  oled.o [1]
LED_P8x16Char           0x00003a63    0x82  Code  Gb  oled.o [1]
LED_PrintBMP            0x00003ae5    0x58  Code  Gb  oled.o [1]
LED_PrintValueI         0x00003b3d    0xec  Code  Gb  oled.o [1]
LED_Set_Pos             0x000037db    0x28  Code  Gb  oled.o [1]
LED_WrCmd               0x00003781    0x5a  Code  Gb  oled.o [1]
LED_WrDat               0x00003725    0x5a  Code  Gb  oled.o [1]
LoadInt                 0x000009d3    0x6e  Code  Lc  xprintffull.o [3]
LocatingEye_OriginalImage_FixedThreshold_OledPrint
                        0x00003561    0xe6  Code  Gb  locatingEye.o [1]
OLED_Init               0x00003975    0x9a  Code  Gb  oled.o [1]
PLL_Init                0x00004471    0x84  Code  Gb  MCG.o [1]
PORTC_Interrupt         0x000043a3    0x58  Code  Gb  vectors.o [1]
PORTX                   0x1fff0428    0x14  Data  Gb  GPIO.o [1]
PWM_Init                0x00002fc9   0x374  Code  Gb  PWM.o [1]
PWM_Output              0x0000333d   0x1a6  Code  Gb  PWM.o [1]
Region$$Table$$Base     0x00005608           --   Gb  - Linker created -
Region$$Table$$Limit    0x00005618           --   Gb  - Linker created -
SPEEDPID                0x00001dab    0x4e  Code  Gb  main.o [1]
SetAddressingMode       0x0000385d    0x14  Code  Gb  oled.o [1]
SetContrastControl      0x00003881    0x14  Code  Gb  oled.o [1]
SetStartLine            0x00003871    0x10  Code  Gb  oled.o [1]
SetSysDividers          0x1fff0849    0x50  Code  Lc  MCG.o [1]
Set_Charge_Pump         0x00003895    0x16  Code  Gb  oled.o [1]
Set_Common_Config       0x0000394b    0x16  Code  Gb  oled.o [1]
Set_Common_Remap        0x000038ff    0x10  Code  Gb  oled.o [1]
Set_Display_Clock       0x00003923    0x14  Code  Gb  oled.o [1]
Set_Display_Offset      0x0000390f    0x14  Code  Gb  oled.o [1]
Set_Display_On_Off      0x000038ef    0x10  Code  Gb  oled.o [1]
Set_Entire_Display      0x000038bb    0x10  Code  Gb  oled.o [1]
Set_Inverse_Display     0x000038cb    0x10  Code  Gb  oled.o [1]
Set_Multiplex_Ratio     0x000038db    0x14  Code  Gb  oled.o [1]
Set_Precharge_Period    0x00003937    0x14  Code  Gb  oled.o [1]
Set_Segment_Remap       0x000038ab    0x10  Code  Gb  oled.o [1]
Set_VCOMH               0x00003961    0x14  Code  Gb  oled.o [1]
Timer0_isr              0x000026b3    0x42  Code  Gb  main.o [1]
Timer1_isr              0x000026f5    0xd2  Code  Gb  main.o [1]
Timer_Init              0x00002eb9    0x5a  Code  Gb  PIT0.o [1]
UART_Init               0x00004539   0x1a8  Code  Gb  _printf.o [1]
VECTableInit            0x00004239    0x88  Code  Gb  vectors.o [1]
V_Cnt                   0x1fff4764     0x4  Data  Gb  main.o [1]
WatchdogDisable         0x00004219    0x20  Code  Gb  vectors.o [1]
X_axis                  0x1fff475c     0x4  Data  Gb  locatingEye.o [1]
Y_axis                  0x1fff4760     0x4  Data  Gb  locatingEye.o [1]
_GenldFull              0x00000f4b   0x264  Code  Lc  xprintffull.o [3]
_LdtobFull              0x00000b49   0x3fc  Code  Lc  xprintffull.o [3]
_LitobFull              0x00000a41   0x106  Code  Lc  xprintffull.o [3]
_PrintfFull             0x0000044d   0x580  Code  Gb  xprintffull.o [3]
_Prout                  0x0000565d    0x16  Code  Gb  xprout.o [3]
_PutcharsFull           0x000011af    0x2e  Code  Lc  xprintffull.o [3]
__BOOT_STACK_ADDRESS {Abs}
                        0x2000fff8           --   Gb  command line/config [2]
__VECTOR_RAM {Abs}      0x1fff0000           --   Gb  command line/config [2]
__VECTOR_TABLE {Abs}    0x00000000           --   Gb  command line/config [2]
__aeabi_cdcmple         0x00001469          Code  Gb  DblCmpLe.o [4]
__aeabi_cdrcmple        0x00001499          Code  Gb  DblCmpGe.o [4]
__aeabi_cfcmpeq         0x000036d5          Code  Gb  FltCmpEq.o [4]
__aeabi_cfcmple         0x0000368d          Code  Gb  FltCmpLe.o [4]
__aeabi_cfrcmple        0x000036b1          Code  Gb  FltCmpGe.o [4]
__aeabi_d2f             0x00002c25          Code  Gb  DblToFlt.o [4]
__aeabi_d2iz            0x000015d9          Code  Gb  DblToI32.o [4]
__aeabi_d2uiz           0x00001605          Code  Gb  DblToI32.o [4]
__aeabi_dadd            0x00001bdd          Code  Gb  DblAdd.o [4]
__aeabi_ddiv            0x00001985          Code  Gb  DblDiv.o [4]
__aeabi_dmul            0x000017e1          Code  Gb  DblMul.o [4]
__aeabi_dsub            0x00001661          Code  Gb  DblSub.o [4]
__aeabi_f2d             0x00002bd5          Code  Gb  FltToDbl.o [4]
__aeabi_f2iz            0x00002f85          Code  Gb  FltToS32.o [4]
__aeabi_fadd            0x0000297d          Code  Gb  FltAdd.o [4]
__aeabi_fdiv            0x00002ad9          Code  Gb  FltDiv.o [4]
__aeabi_fmul            0x00002a01          Code  Gb  FltMul.o [4]
__aeabi_fsub            0x00002895          Code  Gb  FltSub.o [4]
__aeabi_i2d             0x00001631          Code  Gb  I32ToDbl.o [4]
__aeabi_i2f             0x0000365d          Code  Gb  I32ToFlt.o [4]
__aeabi_ldiv0           0x00001bd9          Code  Gb  I64DivZer.o [5]
__aeabi_ui2d            0x00001645          Code  Gb  I32ToDbl.o [4]
__aeabi_uldivmod        0x000012c1          Code  Gb  I64DivMod.o [5]
__cmain                 0x00005619          Code  Gb  cmain.o [5]
__dwrite                0x00005581    0x1e  Code  Gb  dwrite.o [6]
__exit                  0x00005649    0x14  Code  Gb  exit.o [6]
__iar_Dnorm             0x00001427    0x42  Code  Gb  xdnorm.o [4]
__iar_Dscale            0x000014c9   0x110  Code  Gb  xdscale.o [4]
__iar_Memchr            0x00001269          Code  Gb  memchr.o [5]
__iar_Strchr            0x00001219          Code  Gb  strchr.o [5]
__iar_close_ttio        0x0000544d    0x2e  Code  Gb  iarttio.o [6]
__iar_d2uiz             0x00001611          Code  Gb  DblToI32.o [4]
__iar_dadd              0x00001bf1          Code  Gb  DblAdd.o [4]
__iar_data_init3        0x000055e1    0x28  Code  Gb  data_init.o [5]
__iar_dsub              0x00001675          Code  Gb  DblSub.o [4]
__iar_dsubStart         0x00001687          Code  Gb  DblSub.o [4]
__iar_fadd              0x0000298d          Code  Gb  FltAdd.o [4]
__iar_fsub              0x000028a5          Code  Gb  FltSub.o [4]
__iar_fsubStart         0x000028b5          Code  Gb  FltSub.o [4]
__iar_get_ttio          0x0000547d    0x38  Code  Gb  iarttio.o [6]
__iar_lookup_ttioh      0x000054b9     0x8  Code  Gb  XShttio.o [3]
__iar_program_start     0x00005695          Code  Gb  cstartup_M.o [5]
__iar_sh_stdout         0x0000559f    0x20  Code  Gb  iarwstd.o [6]
__iar_sh_write          0x000055bf    0x22  Code  Gb  iarwrite.o [6]
__iar_ttio_handles      0x1fff0840     0x8  Data  Lc  XShttio.o [3]
__iar_ui2d              0x00001649          Code  Gb  I32ToDbl.o [4]
__iar_ui2f              0x00003671          Code  Gb  I32ToFlt.o [4]
__iar_unaligned___aeabi_memcpy
                        0x000013b1          Code  Gb  ABImemcpy_unaligned.o [5]
__iar_unaligned___aeabi_memcpy4
                        0x000013d1          Code  Gb  ABImemcpy_unaligned.o [5]
__iar_unaligned___aeabi_memcpy8
                        0x000013d1          Code  Gb  ABImemcpy_unaligned.o [5]
__iar_zero_init3        0x000011f7    0x22  Code  Gb  zero_init3.o [5]
__low_level_init        0x00005633     0x4  Code  Gb  low_level_init.o [3]
__startup               0x00000411          Code  Gb  crt0.o [1]
__vector_table          0x00000000   0x410  Data  Gb  vectors.o [1]
__write                 0x00005571    0x10  Code  Gb  write.o [6]
_call_main              0x00005625          Code  Gb  cmain.o [5]
_exit                   0x0000563d          Code  Gb  cexit.o [5]
_main                   0x0000562f          Code  Gb  cmain.o [5]
abs                     0x0000409d     0x8  Code  Gb  abs.o [3]
all_init                0x00001ee7    0x36  Code  Gb  main.o [1]
count                   0x1fff4778     0x4  Data  Gb  main.o [1]
count_init              0x1fff0898    0x40  Data  Gb  DMA.o [1]
default_isr             0x000056a1     0x8  Code  Gb  vectors.o [1]
dir                     0x1fff47ac    0x78  Data  Gb  main.o [1]
dirave                  0x1fff4794    0x18  Data  Gb  main.o [1]
dirindex                0x1fff4884     0x4  Data  Gb  main.o [1]
dirpid                  0x1fff4888    0x24  Data  Gb  main.o [1]
dirpidturn              0x00001d11    0x9a  Code  Gb  main.o [1]
dirturn                 0x1fff4824     0x4  Data  Gb  main.o [1]
div                     0x00001bcb     0xe  Code  Gb  div.o [3]
enable_irq              0x000042c1    0xb8  Code  Gb  vectors.o [1]
exit                    0x00005637     0x4  Code  Gb  exit.o [3]
exti_init               0x000044f5    0x44  Code  Gb  exti.o [1]
inspeedy                0x1fff4788     0x4  Data  Gb  main.o [1]
inspeedz                0x1fff4784     0x4  Data  Gb  main.o [1]
key                     0x1fff4860    0x20  Data  Gb  main.o [1]
lcdshow                 0x00002627    0x8c  Code  Gb  main.o [1]
logo                    0x1fff0440   0x400  Data  Gb  oled.o [1]
main                    0x00001f1d    0x94  Code  Gb  main.o [1]
memchr                  0x00001269          Code  Gb  memchr.o [5]
ok                      0x1fff4858     0x4  Data  Gb  main.o [1]
outspeedy               0x1fff4790     0x4  Data  Gb  main.o [1]
outspeedz               0x1fff478c     0x4  Data  Gb  main.o [1]
pidcontrol              0x000021d9   0x44e  Code  Gb  main.o [1]
position                0x00001fdd   0x1fc  Code  Gb  main.o [1]
printf                  0x00004731    0x24  Code  Gb  printf.o [3]
putchar                 0x00005549    0x28  Code  Gb  putchar.o [3]
record                  0x1fff4828    0x2c  Data  Gb  main.o [1]
setfps                  0x1fff4854     0x4  Data  Gb  main.o [1]
showFPS                 0x1fff4774     0x4  Data  Gb  main.o [1]
speedinit               0x1fff4780     0x4  Data  Gb  main.o [1]
speedms                 0x00001e9b    0x4c  Code  Gb  main.o [1]
speedpid                0x1fff48ac    0x24  Data  Gb  main.o [1]
speedpidturn            0x00001df9    0xa2  Code  Gb  main.o [1]
stop                    0x1fff485c     0x4  Data  Gb  main.o [1]
strchr                  0x00001219          Code  Gb  strchr.o [5]
strlen                  0x00001231          Code  Gb  strlen.o [5]
threshold               0x1fff043c     0x2  Data  Gb  locatingEye.o [1]
time                    0x1fff0410     0x4  Data  Gb  bsp.o [1]
timer0count             0x1fff4768     0x4  Data  Gb  main.o [1]
timer1count             0x1fff476c     0x4  Data  Gb  main.o [1]
xb_lose                 0x1fff477c     0x4  Data  Gb  main.o [1]


[1] = E:\·ÉË¼¿¨¶û\go\Debug\Obj
[2] = command line
[3] = dl7M_tln.a
[4] = m7M_tl.a
[5] = rt7M_tl.a
[6] = shb_l.a

  17 638 bytes of readonly  code memory
      80 bytes of readwrite code memory
   4 546 bytes of readonly  data memory
  17 521 bytes of readwrite data memory

Errors: none
Warnings: none
