###############################################################################
#
# IAR ELF Linker V7.30.3.8024/W32 for ARM                 27/Mar/2017  19:26:09
# Copyright 2007-2014 IAR Systems AB.
#
#    Output file  =  D:\·ÉË¼¿¨¶û\go\Debug\Exe\c.out
#    Map file     =  D:\·ÉË¼¿¨¶û\go\Debug\List\c.map
#    Command line =  
#        D:\·ÉË¼¿¨¶û\go\Debug\Obj\_printf.o D:\·ÉË¼¿¨¶û\go\Debug\Obj\ADC.o
#        D:\·ÉË¼¿¨¶û\go\Debug\Obj\bsp.o D:\·ÉË¼¿¨¶û\go\Debug\Obj\common.o
#        D:\·ÉË¼¿¨¶û\go\Debug\Obj\crt0.o D:\·ÉË¼¿¨¶û\go\Debug\Obj\DMA.o
#        D:\·ÉË¼¿¨¶û\go\Debug\Obj\exti.o D:\·ÉË¼¿¨¶û\go\Debug\Obj\flash.o
#        D:\·ÉË¼¿¨¶û\go\Debug\Obj\GPIO.o D:\·ÉË¼¿¨¶û\go\Debug\Obj\iic.o
#        D:\·ÉË¼¿¨¶û\go\Debug\Obj\locatingEye.o D:\·ÉË¼¿¨¶û\go\Debug\Obj\main.o
#        D:\·ÉË¼¿¨¶û\go\Debug\Obj\MCG.o D:\·ÉË¼¿¨¶û\go\Debug\Obj\oled.o
#        D:\·ÉË¼¿¨¶û\go\Debug\Obj\PIT0.o D:\·ÉË¼¿¨¶û\go\Debug\Obj\PWM.o
#        D:\·ÉË¼¿¨¶û\go\Debug\Obj\sccb.o D:\·ÉË¼¿¨¶û\go\Debug\Obj\vectors.o -o
#        D:\·ÉË¼¿¨¶û\go\Debug\Exe\c.out --redirect _Printf=_PrintfFull
#        --redirect _Scanf=_ScanfFull --map D:\·ÉË¼¿¨¶û\go\Debug\List\c.map
#        --config D:\·ÉË¼¿¨¶û\go\common\512KB_Pflash.icf --semihosting --entry
#        __iar_program_start --vfe=forced
#
###############################################################################

*******************************************************************************
*** RUNTIME MODEL ATTRIBUTES
***

CppFlavor       = *
__Heap_Handler  = DLMalloc
__SystemLibrary = DLib


*******************************************************************************
*** PLACEMENT SUMMARY
***

"A1":  place at 0x00000000 { ro section .intvec };
"A2":  place at 0x00000410 { ro section .noinit };
"P1":  place in [from 0x00000000 to 0x00080000] { ro, block CodeRelocate };
"P2":  place in [from 0x1fff0410 to 0x20010000] {
          rw, block CodeRelocateRam, block CSTACK, block HEAP };

  Section              Kind        Address    Size  Object
  -------              ----        -------    ----  ------
"A1":                                        0x410
  .intvec              const    0x00000000   0x410  vectors.o [1]
                              - 0x00000410   0x410

"P1", part 1 of 2:                             0x0
  .rodata              const    0x00000410     0x0  zero_init3.o [5]

"A2":                                         0x3c
  .noinit              ro code  0x00000410    0x3c  crt0.o [1]
                              - 0x0000044c    0x3c

"P1", part 2 of 2:                          0x2ec4
  .text                ro code  0x0000044c   0xdaa  xprintffull.o [3]
  .text                ro code  0x000011f6    0x22  zero_init3.o [5]
  .text                ro code  0x00001218    0x16  strchr.o [5]
  .text                ro code  0x00001230    0x36  strlen.o [5]
  .text                ro code  0x00001268    0x58  memchr.o [5]
  .text                ro code  0x000012c0    0xee  I64DivMod.o [5]
  .text                ro code  0x000013b0    0x76  ABImemcpy_unaligned.o [5]
  .text                ro code  0x00001426    0x42  xdnorm.o [4]
  .text                ro code  0x00001468    0x2e  DblCmpLe.o [4]
  .text                ro code  0x00001498    0x2e  DblCmpGe.o [4]
  .text                ro code  0x000014c8   0x110  xdscale.o [4]
  .text                ro code  0x000015d8    0x58  DblToI32.o [4]
  .text                ro code  0x00001630    0x30  I32ToDbl.o [4]
  .text                ro code  0x00001660   0x180  DblSub.o [4]
  .text                ro code  0x000017e0   0x1a2  DblMul.o [4]
  .text                ro code  0x00001984   0x246  DblDiv.o [4]
  .text                ro code  0x00001bca     0xe  div.o [3]
  .text                ro code  0x00001bd8     0x2  I64DivZer.o [5]
  .text                ro code  0x00001bdc    0xd4  DblAdd.o [4]
  .text                ro code  0x00001cb0   0x598  PWM.o [1]
  .text                ro code  0x00002248   0x31e  oled.o [1]
  .text                ro code  0x00002568   0x150  GPIO.o [1]
  .text                ro code  0x000026b8   0x288  _printf.o [1]
  .text                ro code  0x00002940   0x270  vectors.o [1]
  .text                ro code  0x00002bb0    0x24  printf.o [3]
  .text                ro code  0x00002bd4   0x124  main.o [1]
  .text                ro code  0x00002cf8   0x100  bsp.o [1]
  .text                ro code  0x00002df8   0x114  locatingEye.o [1]
  Veneer               ro code  0x00002f0c     0x8  - Linker created -
  .text                ro code  0x00002f14    0x84  MCG.o [1]
  .text                ro code  0x00002f98    0xec  DMA.o [1]
  .text                ro code  0x00003084    0x44  exti.o [1]
  .text                ro code  0x000030c8    0x6c  iarttio.o [6]
  .text                ro code  0x00003134     0x8  XShttio.o [3]
  CodeRelocate                  0x0000313c    0x50  <Block>
    Initializer bytes  ro data  0x0000313c    0x50  <for CodeRelocateRam-1>
  .rodata              const    0x0000318c    0x38  vectors.o [1]
  .text                ro code  0x000031c4    0x28  putchar.o [3]
  .text                ro code  0x000031ec    0x10  write.o [6]
  .text                ro code  0x000031fc    0x1e  dwrite.o [6]
  .text                ro code  0x0000321a    0x20  iarwstd.o [6]
  .text                ro code  0x0000323a    0x22  iarwrite.o [6]
  .text                ro code  0x0000325c    0x28  data_init.o [5]
  .iar.init_table      const    0x00003284    0x10  - Linker created -
  .text                ro code  0x00003294    0x1a  cmain.o [5]
  .text                ro code  0x000032ae     0x4  low_level_init.o [3]
  .text                ro code  0x000032b2     0x4  exit.o [3]
  .text                ro code  0x000032b8     0xa  cexit.o [5]
  .text                ro code  0x000032c4    0x14  exit.o [6]
  .text                ro code  0x000032d8    0x16  xprout.o [3]
  .text                ro code  0x000032ee     0xc  cstartup_M.o [5]
  .data_init                    0x000032fc     0xc  <Block>
    Initializer bytes  ro data  0x000032fc     0xc  <for .data-1>
  .vec2nd              ro code  0x00003308     0x8  vectors.o [1]
                              - 0x00003310  0x2ec4

"P2":                                       0x3ee4
  CodeRelocateRam               0x1fff0410    0x50  <Block>
    CodeRelocateRam-1           0x1fff0410    0x50  <Init block>
      .textrw          inited   0x1fff0410    0x50  MCG.o [1]
  .data                         0x1fff0460     0xc  <Block>
    .data-1                     0x1fff0460     0xc  <Init block>
      .data            inited   0x1fff0460     0x2  locatingEye.o [1]
      .data            inited   0x1fff0464     0x8  XShttio.o [3]
  .bss                          0x1fff046c  0x3e88  <Block>
    .bss               zero     0x1fff046c  0x3e80  locatingEye.o [1]
    .bss               zero     0x1fff42ec     0x4  main.o [1]
    .bss               zero     0x1fff42f0     0x1  main.o [1]
                              - 0x1fff42f4  0x3ee4


*******************************************************************************
*** INIT TABLE
***

          Address     Size
          -------     ----
Zero (__iar_zero_init3)
    1 destination range, total size 0x3e85:
          0x1fff046c  0x3e85



*******************************************************************************
*** MODULE SUMMARY
***

    Module                 ro code  rw code  ro data  rw data
    ------                 -------  -------  -------  -------
D:\·ÉË¼¿¨¶û\go\Debug\Obj: [1]
    DMA.o                      236
    GPIO.o                     336
    MCG.o                      132       80       80
    PWM.o                    1 432
    _printf.o                  648
    bsp.o                      256
    crt0.o                      60
    exti.o                      68
    locatingEye.o              276                 2   16 002
    main.o                     292                          5
    oled.o                     798
    vectors.o                  632             1 096
    ---------------------------------------------------------
    Total:                   5 166       80    1 178   16 007

command line: [2]
    ---------------------------------------------------------
    Total:

dl7M_tln.a: [3]
    XShttio.o                    8                10        8
    div.o                       14
    exit.o                       4
    low_level_init.o             4
    printf.o                    36
    putchar.o                   40
    xprintffull.o            3 498
    xprout.o                    22
    ---------------------------------------------------------
    Total:                   3 626                10        8

m7M_tl.a: [4]
    DblAdd.o                   212
    DblCmpGe.o                  46
    DblCmpLe.o                  46
    DblDiv.o                   582
    DblMul.o                   418
    DblSub.o                   384
    DblToI32.o                  88
    I32ToDbl.o                  48
    xdnorm.o                    66
    xdscale.o                  272
    ---------------------------------------------------------
    Total:                   2 162

rt7M_tl.a: [5]
    ABImemcpy_unaligned.o      118
    I64DivMod.o                238
    I64DivZer.o                  2
    cexit.o                     10
    cmain.o                     26
    cstartup_M.o                12
    data_init.o                 40
    memchr.o                    88
    strchr.o                    22
    strlen.o                    54
    zero_init3.o                34
    ---------------------------------------------------------
    Total:                     644

shb_l.a: [6]
    dwrite.o                    30
    exit.o                      20
    iarttio.o                  108
    iarwrite.o                  34
    iarwstd.o                   32
    write.o                     16
    ---------------------------------------------------------
    Total:                     240

    Gaps                        20                          2
    Linker created               8                16
-------------------------------------------------------------
    Grand Total:            11 866       80    1 204   16 017


*******************************************************************************
*** ENTRY LIST
***

Entry                      Address    Size  Type      Object
-----                      -------    ----  ----      ------
.bss$$Base              0x1fff046c           --   Gb  - Linker created -
.bss$$Limit             0x1fff42f4           --   Gb  - Linker created -
.data$$Base             0x1fff0460           --   Gb  - Linker created -
.data$$Limit            0x1fff046c           --   Gb  - Linker created -
.data_init$$Base        0x000032fc           --   Gb  - Linker created -
.data_init$$Limit       0x00003308           --   Gb  - Linker created -
?main                   0x00003295          Code  Gb  cmain.o [5]
BSP_init                0x00002cf9   0x100  Code  Gb  bsp.o [1]
CodeRelocate$$Base      0x0000313c           --   Gb  - Linker created -
CodeRelocate$$Limit     0x0000318c           --   Gb  - Linker created -
CodeRelocateRam$$Base   0x1fff0410           --   Gb  - Linker created -
CodeRelocateRam$$Limit  0x1fff0460           --   Gb  - Linker created -
DMA_CH1_Handler         0x00002abd    0x28  Code  Gb  vectors.o [1]
DMA_transmit_init       0x00002f99    0xae  Code  Gb  DMA.o [1]
DummyISR                0x00002aa1     0x2  Code  Gb  vectors.o [1]
Gpio_get_port_addr      0x00002617    0x3c  Code  Gb  GPIO.o [1]
Gpio_get_pt_addr        0x00002653    0x3c  Code  Gb  GPIO.o [1]
Gpio_init               0x00002569    0x80  Code  Gb  GPIO.o [1]
Gpio_set                0x000025e9    0x2e  Code  Gb  GPIO.o [1]
Image_Sort_History      0x1fff046c  0x3e80  Data  Gb  locatingEye.o [1]
Is_SendPhoto            0x1fff42f0     0x1  Data  Gb  main.o [1]
LCD_PrintImage          0x00002e7b    0x84  Code  Gb  locatingEye.o [1]
LEDPIN_Init             0x00002249    0x34  Code  Gb  oled.o [1]
LED_DLY_ms              0x0000239b    0x1a  Code  Gb  oled.o [1]
LED_Fill                0x0000235b    0x40  Code  Gb  oled.o [1]
LED_Set_Pos             0x00002333    0x28  Code  Gb  oled.o [1]
LED_WrCmd               0x000022d9    0x5a  Code  Gb  oled.o [1]
LED_WrDat               0x0000227d    0x5a  Code  Gb  oled.o [1]
LoadInt                 0x000009d3    0x6e  Code  Lc  xprintffull.o [3]
LocatingEye_OriginalImage_FixedThreshold_OledPrint
                        0x00002df9    0x82  Code  Gb  locatingEye.o [1]
OLED_Init               0x000024cd    0x9a  Code  Gb  oled.o [1]
PLL_Init                0x00002f15    0x84  Code  Gb  MCG.o [1]
PORTC_Interrupt         0x00002ae5    0x58  Code  Gb  vectors.o [1]
PWM_Init                0x00001cb1   0x374  Code  Gb  PWM.o [1]
PWM_Output              0x00002025   0x1a6  Code  Gb  PWM.o [1]
Region$$Table$$Base     0x00003284           --   Gb  - Linker created -
Region$$Table$$Limit    0x00003294           --   Gb  - Linker created -
SetAddressingMode       0x000023b5    0x14  Code  Gb  oled.o [1]
SetContrastControl      0x000023d9    0x14  Code  Gb  oled.o [1]
SetStartLine            0x000023c9    0x10  Code  Gb  oled.o [1]
SetSysDividers          0x1fff0411    0x50  Code  Lc  MCG.o [1]
Set_Charge_Pump         0x000023ed    0x16  Code  Gb  oled.o [1]
Set_Common_Config       0x000024a3    0x16  Code  Gb  oled.o [1]
Set_Common_Remap        0x00002457    0x10  Code  Gb  oled.o [1]
Set_Display_Clock       0x0000247b    0x14  Code  Gb  oled.o [1]
Set_Display_Offset      0x00002467    0x14  Code  Gb  oled.o [1]
Set_Display_On_Off      0x00002447    0x10  Code  Gb  oled.o [1]
Set_Entire_Display      0x00002413    0x10  Code  Gb  oled.o [1]
Set_Inverse_Display     0x00002423    0x10  Code  Gb  oled.o [1]
Set_Multiplex_Ratio     0x00002433    0x14  Code  Gb  oled.o [1]
Set_Precharge_Period    0x0000248f    0x14  Code  Gb  oled.o [1]
Set_Segment_Remap       0x00002403    0x10  Code  Gb  oled.o [1]
Set_VCOMH               0x000024b9    0x14  Code  Gb  oled.o [1]
Timer0_isr              0x00002aa3    0x1a  Code  Gb  vectors.o [1]
UART_Init               0x000026b9   0x1a8  Code  Gb  _printf.o [1]
Uart_Getch              0x000028a7    0x48  Code  Gb  _printf.o [1]
Uart_SendByte           0x00002861    0x46  Code  Gb  _printf.o [1]
VECTableInit            0x00002961    0x88  Code  Gb  vectors.o [1]
V_Cnt                   0x1fff42ec     0x4  Data  Gb  main.o [1]
WatchdogDisable         0x00002941    0x20  Code  Gb  vectors.o [1]
_GenldFull              0x00000f4b   0x264  Code  Lc  xprintffull.o [3]
_LdtobFull              0x00000b49   0x3fc  Code  Lc  xprintffull.o [3]
_LitobFull              0x00000a41   0x106  Code  Lc  xprintffull.o [3]
_PrintfFull             0x0000044d   0x580  Code  Gb  xprintffull.o [3]
_Prout                  0x000032d9    0x16  Code  Gb  xprout.o [3]
_PutcharsFull           0x000011af    0x2e  Code  Lc  xprintffull.o [3]
__BOOT_STACK_ADDRESS {Abs}
                        0x2000fff8           --   Gb  command line/config [2]
__VECTOR_RAM {Abs}      0x1fff0000           --   Gb  command line/config [2]
__VECTOR_TABLE {Abs}    0x00000000           --   Gb  command line/config [2]
__aeabi_cdcmple         0x00001469          Code  Gb  DblCmpLe.o [4]
__aeabi_cdrcmple        0x00001499          Code  Gb  DblCmpGe.o [4]
__aeabi_d2iz            0x000015d9          Code  Gb  DblToI32.o [4]
__aeabi_d2uiz           0x00001605          Code  Gb  DblToI32.o [4]
__aeabi_ddiv            0x00001985          Code  Gb  DblDiv.o [4]
__aeabi_dmul            0x000017e1          Code  Gb  DblMul.o [4]
__aeabi_dsub            0x00001661          Code  Gb  DblSub.o [4]
__aeabi_i2d             0x00001631          Code  Gb  I32ToDbl.o [4]
__aeabi_ldiv0           0x00001bd9          Code  Gb  I64DivZer.o [5]
__aeabi_ui2d            0x00001645          Code  Gb  I32ToDbl.o [4]
__aeabi_uldivmod        0x000012c1          Code  Gb  I64DivMod.o [5]
__cmain                 0x00003295          Code  Gb  cmain.o [5]
__dwrite                0x000031fd    0x1e  Code  Gb  dwrite.o [6]
__exit                  0x000032c5    0x14  Code  Gb  exit.o [6]
__iar_Dnorm             0x00001427    0x42  Code  Gb  xdnorm.o [4]
__iar_Dscale            0x000014c9   0x110  Code  Gb  xdscale.o [4]
__iar_Memchr            0x00001269          Code  Gb  memchr.o [5]
__iar_Strchr            0x00001219          Code  Gb  strchr.o [5]
__iar_close_ttio        0x000030c9    0x2e  Code  Gb  iarttio.o [6]
__iar_d2uiz             0x00001611          Code  Gb  DblToI32.o [4]
__iar_dadd              0x00001bdd          Code  Gb  DblAdd.o [4]
__iar_data_init3        0x0000325d    0x28  Code  Gb  data_init.o [5]
__iar_dsub              0x00001675          Code  Gb  DblSub.o [4]
__iar_dsubStart         0x00001687          Code  Gb  DblSub.o [4]
__iar_get_ttio          0x000030f9    0x38  Code  Gb  iarttio.o [6]
__iar_lookup_ttioh      0x00003135     0x8  Code  Gb  XShttio.o [3]
__iar_program_start     0x000032ef          Code  Gb  cstartup_M.o [5]
__iar_sh_stdout         0x0000321b    0x20  Code  Gb  iarwstd.o [6]
__iar_sh_write          0x0000323b    0x22  Code  Gb  iarwrite.o [6]
__iar_ttio_handles      0x1fff0464     0x8  Data  Lc  XShttio.o [3]
__iar_ui2d              0x00001649          Code  Gb  I32ToDbl.o [4]
__iar_unaligned___aeabi_memcpy
                        0x000013b1          Code  Gb  ABImemcpy_unaligned.o [5]
__iar_unaligned___aeabi_memcpy4
                        0x000013d1          Code  Gb  ABImemcpy_unaligned.o [5]
__iar_unaligned___aeabi_memcpy8
                        0x000013d1          Code  Gb  ABImemcpy_unaligned.o [5]
__iar_zero_init3        0x000011f7    0x22  Code  Gb  zero_init3.o [5]
__low_level_init        0x000032af     0x4  Code  Gb  low_level_init.o [3]
__startup               0x00000411          Code  Gb  crt0.o [1]
__vector_table          0x00000000   0x410  Data  Gb  vectors.o [1]
__write                 0x000031ed    0x10  Code  Gb  write.o [6]
_call_main              0x000032a1          Code  Gb  cmain.o [5]
_exit                   0x000032b9          Code  Gb  cexit.o [5]
_main                   0x000032ab          Code  Gb  cmain.o [5]
default_isr             0x00003309     0x8  Code  Gb  vectors.o [1]
div                     0x00001bcb     0xe  Code  Gb  div.o [3]
enable_irq              0x000029e9    0xb8  Code  Gb  vectors.o [1]
exit                    0x000032b3     0x4  Code  Gb  exit.o [3]
exti_init               0x00003085    0x44  Code  Gb  exti.o [1]
main                    0x00002bd5   0x124  Code  Gb  main.o [1]
memchr                  0x00001269          Code  Gb  memchr.o [5]
printf                  0x00002bb1    0x24  Code  Gb  printf.o [3]
putchar                 0x000031c5    0x28  Code  Gb  putchar.o [3]
strchr                  0x00001219          Code  Gb  strchr.o [5]
strlen                  0x00001231          Code  Gb  strlen.o [5]
threshold               0x1fff0460     0x2  Data  Gb  locatingEye.o [1]


[1] = D:\·ÉË¼¿¨¶û\go\Debug\Obj
[2] = command line
[3] = dl7M_tln.a
[4] = m7M_tl.a
[5] = rt7M_tl.a
[6] = shb_l.a

  11 866 bytes of readonly  code memory
      80 bytes of readwrite code memory
   1 204 bytes of readonly  data memory
  16 017 bytes of readwrite data memory

Errors: none
Warnings: none
