###############################################################################
#
# IAR ELF Linker V7.30.3.8024/W32 for ARM                 20/Jul/2017  19:46:39
# Copyright 2007-2014 IAR Systems AB.
#
#    Output file  =  E:\·ÉË¼¿¨¶û\go\Debug\Exe\c.out
#    Map file     =  E:\·ÉË¼¿¨¶û\go\Debug\List\c.map
#    Command line =  
#        E:\·ÉË¼¿¨¶û\go\Debug\Obj\_printf.o E:\·ÉË¼¿¨¶û\go\Debug\Obj\ADC.o
#        E:\·ÉË¼¿¨¶û\go\Debug\Obj\bsp.o E:\·ÉË¼¿¨¶û\go\Debug\Obj\common.o
#        E:\·ÉË¼¿¨¶û\go\Debug\Obj\crt0.o E:\·ÉË¼¿¨¶û\go\Debug\Obj\DMA.o
#        E:\·ÉË¼¿¨¶û\go\Debug\Obj\exti.o E:\·ÉË¼¿¨¶û\go\Debug\Obj\flash.o
#        E:\·ÉË¼¿¨¶û\go\Debug\Obj\GPIO.o E:\·ÉË¼¿¨¶û\go\Debug\Obj\iic.o
#        E:\·ÉË¼¿¨¶û\go\Debug\Obj\locatingEye.o E:\·ÉË¼¿¨¶û\go\Debug\Obj\main.o
#        E:\·ÉË¼¿¨¶û\go\Debug\Obj\MCG.o E:\·ÉË¼¿¨¶û\go\Debug\Obj\oled.o
#        E:\·ÉË¼¿¨¶û\go\Debug\Obj\PIT0.o E:\·ÉË¼¿¨¶û\go\Debug\Obj\PWM.o
#        E:\·ÉË¼¿¨¶û\go\Debug\Obj\sccb.o E:\·ÉË¼¿¨¶û\go\Debug\Obj\vectors.o -o
#        E:\·ÉË¼¿¨¶û\go\Debug\Exe\c.out --redirect _Printf=_PrintfFull
#        --redirect _Scanf=_ScanfFull --map E:\·ÉË¼¿¨¶û\go\Debug\List\c.map
#        --config E:\·ÉË¼¿¨¶û\go\common\512KB_Pflash.icf --semihosting --entry
#        __iar_program_start --vfe=forced
#
###############################################################################

*******************************************************************************
*** RUNTIME MODEL ATTRIBUTES
***

CppFlavor       = *
__Heap_Handler  = DLMalloc
__SystemLibrary = DLib


*******************************************************************************
*** PLACEMENT SUMMARY
***

"A1":  place at 0x00000000 { ro section .intvec };
"A2":  place at 0x00000410 { ro section .noinit };
"P1":  place in [from 0x00000000 to 0x00080000] { ro, block CodeRelocate };
"P2":  place in [from 0x1fff0410 to 0x20010000] {
          rw, block CodeRelocateRam, block CSTACK, block HEAP };

  Section              Kind        Address    Size  Object
  -------              ----        -------    ----  ------
"A1":                                        0x410
  .intvec              const    0x00000000   0x410  vectors.o [1]
                              - 0x00000410   0x410

"P1", part 1 of 2:                             0x0
  .rodata              const    0x00000410     0x0  zero_init3.o [5]

"A2":                                         0x3c
  .noinit              ro code  0x00000410    0x3c  crt0.o [1]
                              - 0x0000044c    0x3c

"P1", part 2 of 2:                          0x5b90
  .text                ro code  0x0000044c  0x1520  main.o [1]
  .text                ro code  0x0000196c    0xe6  FltSub.o [4]
  .text                ro code  0x00001a52    0x22  zero_init3.o [5]
  .text                ro code  0x00001a74    0x84  FltAdd.o [4]
  .text                ro code  0x00001af8    0xd8  FltMul.o [4]
  .text                ro code  0x00001bd0    0xfc  FltDiv.o [4]
  .text                ro code  0x00001ccc    0x4e  FltToDbl.o [4]
  .text                ro code  0x00001d1c   0x246  DblDiv.o [4]
  .text                ro code  0x00001f64   0x1a2  DblMul.o [4]
  .text                ro code  0x00002108    0x90  DblToFlt.o [4]
  .text                ro code  0x00002198   0x334  DMA.o [1]
  .text                ro code  0x000024cc   0x1f8  bsp.o [1]
  .text                ro code  0x000026c4    0xdc  PIT0.o [1]
  .text                ro code  0x000027a0   0x174  GPIO.o [1]
  .text                ro code  0x00002914    0x44  FltToS32.o [4]
  .text                ro code  0x00002958   0x598  PWM.o [1]
  .text                ro code  0x00002ef0    0xfc  locatingEye.o [1]
  .text                ro code  0x00002fec    0x2e  I32ToFlt.o [4]
  .text                ro code  0x0000301c    0x1c  FltCmpEq.o [4]
  .text                ro code  0x00003038    0x30  I32ToDbl.o [4]
  .text                ro code  0x00003068    0xe8  DblAdd.o [4]
  .text                ro code  0x00003150    0x58  DblToI32.o [4]
  .text                ro code  0x000031a8   0x180  DblSub.o [4]
  .text                ro code  0x00003328     0x8  abs.o [3]
  .text                ro code  0x00003330    0x24  FltCmpGe.o [4]
  .text                ro code  0x00003354   0x678  oled.o [1]
  .text                ro code  0x000039cc   0x250  vectors.o [1]
  Veneer               ro code  0x00003c1c     0x8  - Linker created -
  .text                ro code  0x00003c24    0x84  MCG.o [1]
  .text                ro code  0x00003ca8    0x44  exti.o [1]
  .text                ro code  0x00003cec   0x1f8  _printf.o [1]
  .text                ro code  0x00003ee4    0x24  printf.o [3]
  .text                ro code  0x00003f08   0xdaa  xprintffull.o [3]
  .text                ro code  0x00004cb4    0x16  strchr.o [5]
  .text                ro code  0x00004ccc    0x36  strlen.o [5]
  .text                ro code  0x00004d04    0x58  memchr.o [5]
  .text                ro code  0x00004d5c    0xee  I64DivMod.o [5]
  .text                ro code  0x00004e4c    0x76  ABImemcpy_unaligned.o [5]
  .text                ro code  0x00004ec2    0x42  xdnorm.o [4]
  .text                ro code  0x00004f04    0x2e  DblCmpLe.o [4]
  .text                ro code  0x00004f34    0x2e  DblCmpGe.o [4]
  .text                ro code  0x00004f64   0x110  xdscale.o [4]
  .text                ro code  0x00005074     0xe  div.o [3]
  .text                ro code  0x00005084     0x2  I64DivZer.o [5]
  .rodata              const    0x00005088   0x5f0  oled.o [1]
  .data_init                    0x00005678   0x438  <Block>
    Initializer bytes  ro data  0x00005678   0x438  <for .data-1>
  .rodata              const    0x00005ab0   0x228  oled.o [1]
  .rodata              const    0x00005cd8    0xa8  oled.o [1]
  .text                ro code  0x00005d80    0x6c  iarttio.o [6]
  .text                ro code  0x00005dec     0x8  XShttio.o [3]
  CodeRelocate                  0x00005df4    0x50  <Block>
    Initializer bytes  ro data  0x00005df4    0x50  <for CodeRelocateRam-1>
  .rodata              const    0x00005e44    0x38  vectors.o [1]
  .text                ro code  0x00005e7c    0x28  putchar.o [3]
  .text                ro code  0x00005ea4    0x10  write.o [6]
  .text                ro code  0x00005eb4    0x1e  dwrite.o [6]
  .text                ro code  0x00005ed2    0x20  iarwstd.o [6]
  .text                ro code  0x00005ef2    0x22  iarwrite.o [6]
  .text                ro code  0x00005f14    0x28  data_init.o [5]
  .iar.init_table      const    0x00005f3c    0x10  - Linker created -
  .text                ro code  0x00005f4c    0x1a  cmain.o [5]
  .text                ro code  0x00005f66     0x4  low_level_init.o [3]
  .text                ro code  0x00005f6a     0x4  exit.o [3]
  .text                ro code  0x00005f70     0xa  cexit.o [5]
  .text                ro code  0x00005f7c    0x14  exit.o [6]
  .text                ro code  0x00005f90    0x16  xprout.o [3]
  .rodata              const    0x00005fa8    0x10  bsp.o [1]
  .rodata              const    0x00005fb8    0x10  oled.o [1]
  .text                ro code  0x00005fc8     0xc  cstartup_M.o [5]
  .vec2nd              ro code  0x00005fd4     0x8  vectors.o [1]
                              - 0x00005fdc  0x5b90

"P2":                                       0x4558
  .data                         0x1fff0410   0x438  <Block>
    .data-1                     0x1fff0410   0x438  <Init block>
      .data            inited   0x1fff0410     0x4  bsp.o [1]
      .data            inited   0x1fff0414    0x14  GPIO.o [1]
      .data            inited   0x1fff0428    0x14  GPIO.o [1]
      .data            inited   0x1fff043c     0x2  locatingEye.o [1]
      .data            inited   0x1fff0440   0x400  oled.o [1]
      .data            inited   0x1fff0840     0x8  XShttio.o [3]
  CodeRelocateRam               0x1fff0848    0x50  <Block>
    CodeRelocateRam-1           0x1fff0848    0x50  <Init block>
      .textrw          inited   0x1fff0848    0x50  MCG.o [1]
  .bss                          0x1fff0898  0x40d0  <Block>
    .bss               zero     0x1fff0898    0x40  DMA.o [1]
    .bss               zero     0x1fff08d8  0x3e80  locatingEye.o [1]
    .bss               zero     0x1fff4758     0x4  locatingEye.o [1]
    .bss               zero     0x1fff475c     0x4  locatingEye.o [1]
    .bss               zero     0x1fff4760     0x4  locatingEye.o [1]
    .bss               zero     0x1fff4764     0x4  main.o [1]
    .bss               zero     0x1fff4768     0x4  main.o [1]
    .bss               zero     0x1fff476c     0x4  main.o [1]
    .bss               zero     0x1fff4770     0x4  main.o [1]
    .bss               zero     0x1fff4774     0x4  main.o [1]
    .bss               zero     0x1fff4778     0x4  main.o [1]
    .bss               zero     0x1fff477c     0x4  main.o [1]
    .bss               zero     0x1fff4780     0x4  main.o [1]
    .bss               zero     0x1fff4784     0x4  main.o [1]
    .bss               zero     0x1fff4788     0x4  main.o [1]
    .bss               zero     0x1fff478c     0x4  main.o [1]
    .bss               zero     0x1fff4790     0x4  main.o [1]
    .bss               zero     0x1fff4794    0x18  main.o [1]
    .bss               zero     0x1fff47ac    0x78  main.o [1]
    .bss               zero     0x1fff4824     0x4  main.o [1]
    .bss               zero     0x1fff4828    0x60  main.o [1]
    .bss               zero     0x1fff4888     0x4  main.o [1]
    .bss               zero     0x1fff488c     0x4  main.o [1]
    .bss               zero     0x1fff4890     0x4  main.o [1]
    .bss               zero     0x1fff4894    0x20  main.o [1]
    .bss               zero     0x1fff48b4     0x4  main.o [1]
    .bss               zero     0x1fff48b8    0x20  main.o [1]
    .bss               zero     0x1fff48d8     0x4  main.o [1]
    .bss               zero     0x1fff48dc     0x4  main.o [1]
    .bss               zero     0x1fff48e0     0x4  main.o [1]
    .bss               zero     0x1fff48e4     0x4  main.o [1]
    .bss               zero     0x1fff48e8     0x4  main.o [1]
    .bss               zero     0x1fff48ec    0x10  main.o [1]
    .bss               zero     0x1fff48fc     0x4  main.o [1]
    .bss               zero     0x1fff4900     0x4  main.o [1]
    .bss               zero     0x1fff4904    0x24  main.o [1]
    .bss               zero     0x1fff4928    0x3c  main.o [1]
    .bss               zero     0x1fff4964     0x1  main.o [1]
                              - 0x1fff4968  0x4558


*******************************************************************************
*** INIT TABLE
***

          Address     Size
          -------     ----
Zero (__iar_zero_init3)
    1 destination range, total size 0x40cd:
          0x1fff0898  0x40cd



*******************************************************************************
*** MODULE SUMMARY
***

    Module                 ro code  rw code  ro data  rw data
    ------                 -------  -------  -------  -------
E:\·ÉË¼¿¨¶û\go\Debug\Obj: [1]
    DMA.o                      820                         64
    GPIO.o                     372                40       40
    MCG.o                      132       80       80
    PIT0.o                     220
    PWM.o                    1 432
    _printf.o                  504
    bsp.o                      504                20        4
    crt0.o                      60
    exti.o                      68
    locatingEye.o              252                 2   16 014
    main.o                   5 408                        513
    oled.o                   1 656             3 282    1 024
    vectors.o                  600             1 096
    ---------------------------------------------------------
    Total:                  12 028       80    4 520   17 659

command line: [2]
    ---------------------------------------------------------
    Total:

dl7M_tln.a: [3]
    XShttio.o                    8                 8        8
    abs.o                        8
    div.o                       14
    exit.o                       4
    low_level_init.o             4
    printf.o                    36
    putchar.o                   40
    xprintffull.o            3 498
    xprout.o                    22
    ---------------------------------------------------------
    Total:                   3 634                 8        8

m7M_tl.a: [4]
    DblAdd.o                   232
    DblCmpGe.o                  46
    DblCmpLe.o                  46
    DblDiv.o                   582
    DblMul.o                   418
    DblSub.o                   384
    DblToFlt.o                 144
    DblToI32.o                  88
    FltAdd.o                   132
    FltCmpEq.o                  28
    FltCmpGe.o                  36
    FltDiv.o                   252
    FltMul.o                   216
    FltSub.o                   230
    FltToDbl.o                  78
    FltToS32.o                  68
    I32ToDbl.o                  48
    I32ToFlt.o                  46
    xdnorm.o                    66
    xdscale.o                  272
    ---------------------------------------------------------
    Total:                   3 412

rt7M_tl.a: [5]
    ABImemcpy_unaligned.o      118
    I64DivMod.o                238
    I64DivZer.o                  2
    cexit.o                     10
    cmain.o                     26
    cstartup_M.o                12
    data_init.o                 40
    memchr.o                    88
    strchr.o                    22
    strlen.o                    54
    zero_init3.o                34
    ---------------------------------------------------------
    Total:                     644

shb_l.a: [6]
    dwrite.o                    30
    exit.o                      20
    iarttio.o                  108
    iarwrite.o                  34
    iarwstd.o                   32
    write.o                     16
    ---------------------------------------------------------
    Total:                     240

    Gaps                        26                 4        2
    Linker created               8                16
-------------------------------------------------------------
    Grand Total:            19 992       80    4 548   17 669


*******************************************************************************
*** ENTRY LIST
***

Entry                      Address    Size  Type      Object
-----                      -------    ----  ----      ------
.bss$$Base              0x1fff0898           --   Gb  - Linker created -
.bss$$Limit             0x1fff4968           --   Gb  - Linker created -
.data$$Base             0x1fff0410           --   Gb  - Linker created -
.data$$Limit            0x1fff0848           --   Gb  - Linker created -
.data_init$$Base        0x00005678           --   Gb  - Linker created -
.data_init$$Limit       0x00005ab0           --   Gb  - Linker created -
?main                   0x00005f4d          Code  Gb  cmain.o [5]
Area                    0x1fff4758     0x4  Data  Gb  locatingEye.o [1]
Areave                  0x1fff48e0     0x4  Data  Gb  main.o [1]
BSP_init                0x000024cd   0x1f8  Code  Gb  bsp.o [1]
Camera                  0x00000aa5    0x6e  Code  Gb  main.o [1]
Cleartimer0             0x00002749    0x1a  Code  Gb  PIT0.o [1]
Cleartimer1             0x00002763    0x1a  Code  Gb  PIT0.o [1]
CodeRelocate$$Base      0x00005df4           --   Gb  - Linker created -
CodeRelocate$$Limit     0x00005e44           --   Gb  - Linker created -
CodeRelocateRam$$Base   0x1fff0848           --   Gb  - Linker created -
CodeRelocateRam$$Limit  0x1fff0898           --   Gb  - Linker created -
DIRPID                  0x0000044d    0x4c  Code  Gb  main.o [1]
DMA_CH1_Handler         0x00003b2f    0x28  Code  Gb  vectors.o [1]
DMA_count_Init          0x00002247   0x1f6  Code  Gb  DMA.o [1]
DMA_count_get           0x0000243d    0x1c  Code  Gb  DMA.o [1]
DMA_count_reset         0x00002459    0x18  Code  Gb  DMA.o [1]
DMA_transmit_init       0x00002199    0xae  Code  Gb  DMA.o [1]
DisableTimer0           0x0000273b     0xe  Code  Gb  PIT0.o [1]
DummyISR                0x00003b2d     0x2  Code  Gb  vectors.o [1]
EnableTimer0            0x0000271f     0xe  Code  Gb  PIT0.o [1]
EnableTimer1            0x0000272d     0xe  Code  Gb  PIT0.o [1]
F14x16                  0x00005cd8    0xa8  Data  Gb  oled.o [1]
F14x16_Idx              0x00005fb8    0x10  Data  Gb  oled.o [1]
F6x8                    0x00005ab0   0x228  Data  Gb  oled.o [1]
F8X16                   0x00005088   0x5f0  Data  Gb  oled.o [1]
FPS                     0x1fff4770     0x4  Data  Gb  main.o [1]
GPIOx                   0x1fff0414    0x14  Data  Gb  GPIO.o [1]
Gpio_get                0x0000284f    0x22  Code  Gb  GPIO.o [1]
Gpio_get_port_addr      0x00002871    0x3c  Code  Gb  GPIO.o [1]
Gpio_get_pt_addr        0x000028ad    0x3c  Code  Gb  GPIO.o [1]
Gpio_init               0x000027a1    0x80  Code  Gb  GPIO.o [1]
Gpio_set                0x00002821    0x2e  Code  Gb  GPIO.o [1]
Image_Sort_History      0x1fff08d8  0x3e80  Data  Gb  locatingEye.o [1]
Is_SendPhoto            0x1fff4964     0x1  Data  Gb  main.o [1]
LEDPIN_Init             0x00003355    0x34  Code  Gb  oled.o [1]
LED_DLY_ms              0x000034a7    0x1a  Code  Gb  oled.o [1]
LED_Fill                0x00003467    0x40  Code  Gb  oled.o [1]
LED_P14x16Str           0x0000388d   0x12c  Code  Gb  oled.o [1]
LED_P6x8Char            0x00003673    0x54  Code  Gb  oled.o [1]
LED_P8x16Char           0x000036c7    0x82  Code  Gb  oled.o [1]
LED_PrintBMP            0x00003749    0x58  Code  Gb  oled.o [1]
LED_PrintValueI         0x000037a1    0xec  Code  Gb  oled.o [1]
LED_Set_Pos             0x0000343f    0x28  Code  Gb  oled.o [1]
LED_WrCmd               0x000033e5    0x5a  Code  Gb  oled.o [1]
LED_WrDat               0x00003389    0x5a  Code  Gb  oled.o [1]
LoadInt                 0x0000448f    0x6e  Code  Lc  xprintffull.o [3]
LocatingEye_OriginalImage_FixedThreshold_OledPrint
                        0x00002ef1    0xe6  Code  Gb  locatingEye.o [1]
OLED_Init               0x000035d9    0x9a  Code  Gb  oled.o [1]
PLL_Init                0x00003c25    0x84  Code  Gb  MCG.o [1]
PORTC_Interrupt         0x00003b57    0x58  Code  Gb  vectors.o [1]
PORTX                   0x1fff0428    0x14  Data  Gb  GPIO.o [1]
PWM_Init                0x00002959   0x374  Code  Gb  PWM.o [1]
PWM_Output              0x00002ccd   0x1a6  Code  Gb  PWM.o [1]
Region$$Table$$Base     0x00005f3c           --   Gb  - Linker created -
Region$$Table$$Limit    0x00005f4c           --   Gb  - Linker created -
SPEEDPID                0x00000533    0x7e  Code  Gb  main.o [1]
SetAddressingMode       0x000034c1    0x14  Code  Gb  oled.o [1]
SetContrastControl      0x000034e5    0x14  Code  Gb  oled.o [1]
SetStartLine            0x000034d5    0x10  Code  Gb  oled.o [1]
SetSysDividers          0x1fff0849    0x50  Code  Lc  MCG.o [1]
Set_Charge_Pump         0x000034f9    0x16  Code  Gb  oled.o [1]
Set_Common_Config       0x000035af    0x16  Code  Gb  oled.o [1]
Set_Common_Remap        0x00003563    0x10  Code  Gb  oled.o [1]
Set_Display_Clock       0x00003587    0x14  Code  Gb  oled.o [1]
Set_Display_Offset      0x00003573    0x14  Code  Gb  oled.o [1]
Set_Display_On_Off      0x00003553    0x10  Code  Gb  oled.o [1]
Set_Entire_Display      0x0000351f    0x10  Code  Gb  oled.o [1]
Set_Inverse_Display     0x0000352f    0x10  Code  Gb  oled.o [1]
Set_Multiplex_Ratio     0x0000353f    0x14  Code  Gb  oled.o [1]
Set_Precharge_Period    0x0000359b    0x14  Code  Gb  oled.o [1]
Set_Segment_Remap       0x0000350f    0x10  Code  Gb  oled.o [1]
Set_VCOMH               0x000035c5    0x14  Code  Gb  oled.o [1]
Timer0_isr              0x000015f9   0x24c  Code  Gb  main.o [1]
Timer1_isr              0x00001861    0x98  Code  Gb  main.o [1]
Timer_Init              0x000026c5    0x5a  Code  Gb  PIT0.o [1]
UART_Init               0x00003ced   0x1a8  Code  Gb  _printf.o [1]
VECTableInit            0x000039ed    0x88  Code  Gb  vectors.o [1]
V_Cnt                   0x1fff4764     0x4  Data  Gb  main.o [1]
WatchdogDisable         0x000039cd    0x20  Code  Gb  vectors.o [1]
X_axis                  0x1fff475c     0x4  Data  Gb  locatingEye.o [1]
Y_axis                  0x1fff4760     0x4  Data  Gb  locatingEye.o [1]
_GenldFull              0x00004a07   0x264  Code  Lc  xprintffull.o [3]
_LdtobFull              0x00004605   0x3fc  Code  Lc  xprintffull.o [3]
_LitobFull              0x000044fd   0x106  Code  Lc  xprintffull.o [3]
_PrintfFull             0x00003f09   0x580  Code  Gb  xprintffull.o [3]
_Prout                  0x00005f91    0x16  Code  Gb  xprout.o [3]
_PutcharsFull           0x00004c6b    0x2e  Code  Lc  xprintffull.o [3]
__BOOT_STACK_ADDRESS {Abs}
                        0x2000fff8           --   Gb  command line/config [2]
__VECTOR_RAM {Abs}      0x1fff0000           --   Gb  command line/config [2]
__VECTOR_TABLE {Abs}    0x00000000           --   Gb  command line/config [2]
__aeabi_cdcmple         0x00004f05          Code  Gb  DblCmpLe.o [4]
__aeabi_cdrcmple        0x00004f35          Code  Gb  DblCmpGe.o [4]
__aeabi_cfcmpeq         0x0000301d          Code  Gb  FltCmpEq.o [4]
__aeabi_cfrcmple        0x00003331          Code  Gb  FltCmpGe.o [4]
__aeabi_d2f             0x00002109          Code  Gb  DblToFlt.o [4]
__aeabi_d2iz            0x00003151          Code  Gb  DblToI32.o [4]
__aeabi_d2uiz           0x0000317d          Code  Gb  DblToI32.o [4]
__aeabi_dadd            0x00003069          Code  Gb  DblAdd.o [4]
__aeabi_ddiv            0x00001d1d          Code  Gb  DblDiv.o [4]
__aeabi_dmul            0x00001f65          Code  Gb  DblMul.o [4]
__aeabi_dsub            0x000031a9          Code  Gb  DblSub.o [4]
__aeabi_f2d             0x00001ccd          Code  Gb  FltToDbl.o [4]
__aeabi_f2iz            0x00002915          Code  Gb  FltToS32.o [4]
__aeabi_fadd            0x00001a75          Code  Gb  FltAdd.o [4]
__aeabi_fdiv            0x00001bd1          Code  Gb  FltDiv.o [4]
__aeabi_fmul            0x00001af9          Code  Gb  FltMul.o [4]
__aeabi_fsub            0x0000196d          Code  Gb  FltSub.o [4]
__aeabi_i2d             0x00003039          Code  Gb  I32ToDbl.o [4]
__aeabi_i2f             0x00002fed          Code  Gb  I32ToFlt.o [4]
__aeabi_ldiv0           0x00005085          Code  Gb  I64DivZer.o [5]
__aeabi_ui2d            0x0000304d          Code  Gb  I32ToDbl.o [4]
__aeabi_uldivmod        0x00004d5d          Code  Gb  I64DivMod.o [5]
__cmain                 0x00005f4d          Code  Gb  cmain.o [5]
__dwrite                0x00005eb5    0x1e  Code  Gb  dwrite.o [6]
__exit                  0x00005f7d    0x14  Code  Gb  exit.o [6]
__iar_Dnorm             0x00004ec3    0x42  Code  Gb  xdnorm.o [4]
__iar_Dscale            0x00004f65   0x110  Code  Gb  xdscale.o [4]
__iar_Memchr            0x00004d05          Code  Gb  memchr.o [5]
__iar_Strchr            0x00004cb5          Code  Gb  strchr.o [5]
__iar_close_ttio        0x00005d81    0x2e  Code  Gb  iarttio.o [6]
__iar_d2uiz             0x00003189          Code  Gb  DblToI32.o [4]
__iar_dadd              0x0000307d          Code  Gb  DblAdd.o [4]
__iar_data_init3        0x00005f15    0x28  Code  Gb  data_init.o [5]
__iar_dsub              0x000031bd          Code  Gb  DblSub.o [4]
__iar_dsubStart         0x000031cf          Code  Gb  DblSub.o [4]
__iar_fadd              0x00001a85          Code  Gb  FltAdd.o [4]
__iar_fsub              0x0000197d          Code  Gb  FltSub.o [4]
__iar_fsubStart         0x0000198d          Code  Gb  FltSub.o [4]
__iar_get_ttio          0x00005db1    0x38  Code  Gb  iarttio.o [6]
__iar_lookup_ttioh      0x00005ded     0x8  Code  Gb  XShttio.o [3]
__iar_program_start     0x00005fc9          Code  Gb  cstartup_M.o [5]
__iar_sh_stdout         0x00005ed3    0x20  Code  Gb  iarwstd.o [6]
__iar_sh_write          0x00005ef3    0x22  Code  Gb  iarwrite.o [6]
__iar_ttio_handles      0x1fff0840     0x8  Data  Lc  XShttio.o [3]
__iar_ui2d              0x00003051          Code  Gb  I32ToDbl.o [4]
__iar_ui2f              0x00003001          Code  Gb  I32ToFlt.o [4]
__iar_unaligned___aeabi_memcpy
                        0x00004e4d          Code  Gb  ABImemcpy_unaligned.o [5]
__iar_unaligned___aeabi_memcpy4
                        0x00004e6d          Code  Gb  ABImemcpy_unaligned.o [5]
__iar_unaligned___aeabi_memcpy8
                        0x00004e6d          Code  Gb  ABImemcpy_unaligned.o [5]
__iar_zero_init3        0x00001a53    0x22  Code  Gb  zero_init3.o [5]
__low_level_init        0x00005f67     0x4  Code  Gb  low_level_init.o [3]
__startup               0x00000411          Code  Gb  crt0.o [1]
__vector_table          0x00000000   0x410  Data  Gb  vectors.o [1]
__write                 0x00005ea5    0x10  Code  Gb  write.o [6]
_call_main              0x00005f59          Code  Gb  cmain.o [5]
_exit                   0x00005f71          Code  Gb  cexit.o [5]
_main                   0x00005f63          Code  Gb  cmain.o [5]
abs                     0x00003329     0x8  Code  Gb  abs.o [3]
all_init                0x00000809   0x174  Code  Gb  main.o [1]
arrive                  0x1fff48b4     0x4  Data  Gb  main.o [1]
avevalue                0x1fff48fc     0x4  Data  Gb  main.o [1]
count                   0x1fff4778     0x4  Data  Gb  main.o [1]
count_init              0x1fff0898    0x40  Data  Gb  DMA.o [1]
default_isr             0x00005fd5     0x8  Code  Gb  vectors.o [1]
dir                     0x1fff47ac    0x78  Data  Gb  main.o [1]
dirave                  0x1fff4794    0x18  Data  Gb  main.o [1]
dircentral              0x1fff48dc     0x4  Data  Gb  main.o [1]
dirindex                0x1fff48e4     0x4  Data  Gb  main.o [1]
dirpid                  0x1fff4904    0x24  Data  Gb  main.o [1]
dirpidturn              0x00000499    0x9a  Code  Gb  main.o [1]
dirturn                 0x1fff4824     0x4  Data  Gb  main.o [1]
distance                0x0000074f    0xba  Code  Gb  main.o [1]
div                     0x00005075     0xe  Code  Gb  div.o [3]
enable_irq              0x00003a75    0xb8  Code  Gb  vectors.o [1]
exit                    0x00005f6b     0x4  Code  Gb  exit.o [3]
exti_init               0x00003ca9    0x44  Code  Gb  exti.o [1]
inspeedy                0x1fff4788     0x4  Data  Gb  main.o [1]
inspeedz                0x1fff4784     0x4  Data  Gb  main.o [1]
key                     0x1fff4894    0x20  Data  Gb  main.o [1]
lcdshow                 0x00001519    0x92  Code  Gb  main.o [1]
logo                    0x1fff0440   0x400  Data  Gb  oled.o [1]
main                    0x0000097d   0x126  Code  Gb  main.o [1]
memchr                  0x00004d05          Code  Gb  memchr.o [5]
ok                      0x1fff488c     0x4  Data  Gb  main.o [1]
outspeedy               0x1fff4790     0x4  Data  Gb  main.o [1]
outspeedz               0x1fff478c     0x4  Data  Gb  main.o [1]
pidcontroldir           0x00000e43   0x136  Code  Gb  main.o [1]
pidcontroldir2          0x00000f85   0x242  Code  Gb  main.o [1]
pidcontrolspeed         0x00001231   0x2d4  Code  Gb  main.o [1]
position                0x00000b13   0x330  Code  Gb  main.o [1]
printf                  0x00003ee5    0x24  Code  Gb  printf.o [3]
putchar                 0x00005e7d    0x28  Code  Gb  putchar.o [3]
record                  0x1fff4828    0x60  Data  Gb  main.o [1]
recordave               0x1fff48ec    0x10  Data  Gb  main.o [1]
setfps                  0x1fff4888     0x4  Data  Gb  main.o [1]
showFPS                 0x1fff4774     0x4  Data  Gb  main.o [1]
speedcount              0x1fff48b8    0x20  Data  Gb  main.o [1]
speedinit               0x1fff48e8     0x4  Data  Gb  main.o [1]
speedinms               0x0000073b    0x14  Code  Gb  main.o [1]
speedms                 0x000006ef    0x4c  Code  Gb  main.o [1]
speedpid                0x1fff4928    0x3c  Data  Gb  main.o [1]
speedpidturn            0x000005b1   0x13e  Code  Gb  main.o [1]
speedset                0x1fff4780     0x4  Data  Gb  main.o [1]
start                   0x1fff48d8     0x4  Data  Gb  main.o [1]
stop                    0x1fff4890     0x4  Data  Gb  main.o [1]
strchr                  0x00004cb5          Code  Gb  strchr.o [5]
strlen                  0x00004ccd          Code  Gb  strlen.o [5]
threshold               0x1fff043c     0x2  Data  Gb  locatingEye.o [1]
time                    0x1fff0410     0x4  Data  Gb  bsp.o [1]
timer0count             0x1fff4768     0x4  Data  Gb  main.o [1]
timer1count             0x1fff476c     0x4  Data  Gb  main.o [1]
value                   0x1fff4900     0x4  Data  Gb  main.o [1]
xb_lose                 0x1fff477c     0x4  Data  Gb  main.o [1]


[1] = E:\·ÉË¼¿¨¶û\go\Debug\Obj
[2] = command line
[3] = dl7M_tln.a
[4] = m7M_tl.a
[5] = rt7M_tl.a
[6] = shb_l.a

  19 992 bytes of readonly  code memory
      80 bytes of readwrite code memory
   4 548 bytes of readonly  data memory
  17 669 bytes of readwrite data memory

Errors: none
Warnings: none
